// Jest Snapshot v1, https://goo.gl/fbAQLP

exports[`renders correctly without data 1`] = `
<View
  style={
    Object {
      "alignItems": "center",
      "flex": 1,
      "justifyContent": "space-between",
    }
  }
>
  <View
    style={
      Object {
        "flexDirection": "row",
        "height": 50,
        "margin": 2,
      }
    }
  >
    <View
      accessibilityComponentType={undefined}
      accessibilityLabel={undefined}
      accessibilityTraits={undefined}
      accessible={true}
      hitSlop={undefined}
      isTVSelectable={true}
      onLayout={undefined}
      onResponderGrant={[Function]}
      onResponderMove={[Function]}
      onResponderRelease={[Function]}
      onResponderTerminate={[Function]}
      onResponderTerminationRequest={[Function]}
      onStartShouldSetResponder={[Function]}
      style={
        Object {
          "backgroundColor": "lightgrey",
          "borderColor": "gray",
          "borderRightWidth": 0.5,
          "borderWidth": 1,
          "flex": 0.5,
          "justifyContent": "center",
          "opacity": 1,
        }
      }
      testID={undefined}
      tvParallaxProperties={undefined}
    >
      <Text
        accessible={true}
        allowFontScaling={true}
        ellipsizeMode="tail"
        style={
          Object {
            "textAlign": "center",
          }
        }
      >
        Search
      </Text>
    </View>
    <View
      style={
        Array [
          Object {
            "backgroundColor": "lightgrey",
            "borderColor": "gray",
            "borderLeftWidth": 0.5,
            "borderWidth": 1,
            "flex": 0.5,
            "justifyContent": "center",
          },
          Object {
            "backgroundColor": "#ffffff",
          },
        ]
      }
    >
      <Text
        accessible={true}
        allowFontScaling={true}
        ellipsizeMode="tail"
        style={
          Object {
            "textAlign": "center",
          }
        }
      >
        Recommendations
      </Text>
    </View>
  </View>
  <View
    style={
      Object {
        "marginBottom": 10,
      }
    }
  />
  <ScrollView
    style={
      Object {
        "marginBottom": 80,
        "width": "100%",
      }
    }
  />
</View>
`;
