// Jest Snapshot v1, https://goo.gl/fbAQLP

exports[`renders correctly without data 1`] = `
<View
  style={
    Object {
      "alignItems": "center",
      "justifyContent": "space-between",
    }
  }
>
  <View
    style={
      Object {
        "flexDirection": "row",
        "justifyContent": "space-between",
        "margin": 10,
      }
    }
  >
    <TextInput
      onChangeText={[Function]}
      onSubmitEditing={[Function]}
      style={
        Object {
          "borderColor": "gray",
          "borderWidth": 1,
          "height": 40,
          "padding": 10,
          "width": 250,
        }
      }
      underlineColorAndroid="rgba(0,0,0,0)"
      value=""
    />
    <Text
      accessible={true}
      allowFontScaling={true}
      ellipsizeMode="tail"
    />
  </View>
  <ScrollView
    style={
      Object {
        "marginBottom": 210,
        "width": "100%",
      }
    }
  />
</View>
`;
